// Jest Snapshot v1, https://goo.gl/fbAQLP

exports[`renders infinite scroll infinite scroll snapshot 1`] = `
.c0 {
  overflow-y: auto;
}

<div
  className="c0"
>
  <div
    className=""
  />
</div>
`;
