// Jest Snapshot v1, https://goo.gl/fbAQLP

exports[`renders themes filter themes filter snapshot 1`] = `
.c0 {
  position: relative;
  max-width: 40rem;
  margin: auto;
}

.c3 {
  display: block;
  width: 100%;
  height: 3.375rem;
  padding: calc(.75rem - 0.0625rem) calc(.9rem - 0.0625rem);
  border: 0.0625rem solid #c4c9cc;
  border-radius: 0.25rem;
  outline: none;
  -webkit-transition: border-color 0.15s ease;
  transition: border-color 0.15s ease;
  word-break: break-word;
  font-size: 1rem;
  line-height: 1.25rem;
}

.c1 {
  display: -webkit-box;
  display: -webkit-flex;
  display: -ms-flexbox;
  display: flex;
  -webkit-align-items: center;
  -webkit-box-align: center;
  -ms-flex-align: center;
  align-items: center;
  -webkit-box-pack: justify;
  -webkit-justify-content: space-between;
  -ms-flex-pack: justify;
  justify-content: space-between;
}

.c2 {
  display: inline-block;
  width: initial;
  vertical-align: middle;
  background: transparent;
  border: 1px solid transparent;
  font-size: 0.875rem;
  line-height: 1rem;
  padding: 0.25rem 0.375rem;
  border-radius: 0.25rem;
  color: #ff8489;
  box-sizing: border-box;
  outline: none;
  cursor: pointer;
  -webkit-transition: 0.15s all ease-in-out;
  transition: 0.15s all ease-in-out;
  -webkit-text-decoration: none;
  text-decoration: none;
  white-space: nowrap;
}

.c2:hover,
.c2:active {
  outline: none;
}

.c2:active {
  background-color: rgba(255,132,136,.5);
  border-color: rgba(255,132,136,.2);
}

.c2:disabled,
.c2:disabled:hover,
.c2:disabled:focus,
.c2:disabled:active {
  cursor: not-allowed;
  color: #c4c9cc;
}

<div
  className="c0"
>
  <div
    className="c1"
  >
    <h4>
      Filter by Theme
    </h4>
    <button
      className="c2"
      onClick={[Function]}
      size="xs"
    >
      Log Out
    </button>
  </div>
  <input
    className="c3"
    onBlur={[Function]}
    onChange={[Function]}
    onFocus={[Function]}
    placeholder="Type theme name..."
    value=""
  />
</div>
`;
