// Jest Snapshot v1, https://goo.gl/fbAQLP

exports[`renders reviews reviews snapshot 1`] = `
Array [
  .c3 {
  display: inline-block;
  width: initial;
  vertical-align: middle;
  background: transparent;
  border: 1px solid transparent;
  font-size: 0.875rem;
  line-height: 1rem;
  padding: 0.25rem 0.375rem;
  border-radius: 0.25rem;
  color: #ff8489;
  box-sizing: border-box;
  outline: none;
  cursor: pointer;
  -webkit-transition: 0.15s all ease-in-out;
  transition: 0.15s all ease-in-out;
  -webkit-text-decoration: none;
  text-decoration: none;
  white-space: nowrap;
}

.c3:hover,
.c3:active {
  outline: none;
}

.c3:active {
  background-color: rgba(255,132,136,.5);
  border-color: rgba(255,132,136,.2);
}

.c3:disabled,
.c3:disabled:hover,
.c3:disabled:focus,
.c3:disabled:active {
  cursor: not-allowed;
  color: #c4c9cc;
}

.c6 .c2 {
  margin-left: -0.375rem;
}

.c0 {
  position: relative;
  max-width: 40rem;
  margin: auto;
}

.c4 {
  display: block;
  width: 100%;
  height: 3.375rem;
  padding: calc(.75rem - 0.0625rem) calc(.9rem - 0.0625rem);
  border: 0.0625rem solid #c4c9cc;
  border-radius: 0.25rem;
  outline: none;
  -webkit-transition: border-color 0.15s ease;
  transition: border-color 0.15s ease;
  word-break: break-word;
  font-size: 1rem;
  line-height: 1.25rem;
}

.c1 {
  display: -webkit-box;
  display: -webkit-flex;
  display: -ms-flexbox;
  display: flex;
  -webkit-align-items: center;
  -webkit-box-align: center;
  -ms-flex-align: center;
  align-items: center;
  -webkit-box-pack: justify;
  -webkit-justify-content: space-between;
  -ms-flex-pack: justify;
  justify-content: space-between;
}

.c5 .c2 {
  margin-left: 0.5rem;
}

<div
    className="c0"
  >
    <div
      className="c1"
    >
      <h4>
        Filter by Theme
      </h4>
      <button
        className="c2 c3"
        onClick={[Function]}
        size="xs"
      >
        Log Out
      </button>
    </div>
    <input
      className="c4"
      onBlur={[Function]}
      onChange={[Function]}
      onFocus={[Function]}
      placeholder="Type theme name..."
      value=""
    />
  </div>,
  .c0 {
  overflow-y: auto;
}

.c3 {
  display: -webkit-box;
  display: -webkit-flex;
  display: -ms-flexbox;
  display: flex;
  -webkit-flex-direction: column;
  -ms-flex-direction: column;
  flex-direction: column;
  width: 100%;
  box-shadow: 0px 2px 8px -2px rgba(0,0,0,0.18);
  border: 1px solid e3e3e3;
  border-radius: 0.25rem;
  max-width: 40rem;
  margin: auto;
  padding: 0.5rem 1rem;
}

.c5 {
  text-align: left;
  font-size: 1rem;
  margin: 0;
  line-height: 1.125rem;
}

.c4 {
  width: 100%;
  text-align: end;
  color: #bfbfbf;
}

.c8 {
  display: -webkit-box;
  display: -webkit-flex;
  display: -ms-flexbox;
  display: flex;
  -webkit-flex-wrap: wrap;
  -ms-flex-wrap: wrap;
  flex-wrap: wrap;
}

.c6 {
  display: -webkit-box;
  display: -webkit-flex;
  display: -ms-flexbox;
  display: flex;
  -webkit-flex-direction: column;
  -ms-flex-direction: column;
  flex-direction: column;
  -webkit-align-items: flex-start;
  -webkit-box-align: flex-start;
  -ms-flex-align: flex-start;
  align-items: flex-start;
}

.c6 .c12 {
  margin-left: -0.375rem;
}

.c7 {
  max-height: initial;
  line-height: 1.125rem;
  width: 100%;
  overflow: hidden;
}

.c10 {
  font-size: 1em;
  display: inline-block;
  height: 1.25rem;
  width: 5rem;
  max-width: 5rem;
  position: relative;
  border-radius: 0.25rem;
  background: #f2f2f2;
  overflow: hidden;
  z-index: -1;
}

.c10::before {
  content: '';
  display: block;
  position: absolute;
  left: 0;
  right: 0;
  top: 0;
  bottom: 0;
  -webkit-animation: imJtFj 1.2s linear infinite;
  animation: imJtFj 1.2s linear infinite;
  background-image: linear-gradient( 90deg, rgba(248,248,249,0) 0, rgba(248,248,249,1) 40%, rgba(248,248,249,1) 60%, rgba(248,248,249,0) );
}

.c11 {
  border-radius: 0.25rem;
  height: 2rem;
}

.c9 {
  display: -webkit-box;
  display: -webkit-flex;
  display: -ms-flexbox;
  display: flex;
  -webkit-align-items: center;
  -webkit-box-align: center;
  -ms-flex-align: center;
  align-items: center;
  margin: 0.75rem 0 0;
  padding-right: 1.5rem;
}

.c1 {
  padding: 0;
  margin: 0;
  list-style: none;
  margin-top: 1.25rem;
}

.c2 {
  display: -webkit-box;
  display: -webkit-flex;
  display: -ms-flexbox;
  display: flex;
  -webkit-align-items: center;
  -webkit-box-align: center;
  -ms-flex-align: center;
  align-items: center;
  -webkit-box-pack: center;
  -webkit-justify-content: center;
  -ms-flex-pack: center;
  justify-content: center;
  margin: 0 0 1rem;
}

<div
    className="c0"
  >
    <ul
      className="c1"
    >
      <li
        className="c2"
      >
        <article
          className="c3"
        >
          <div
            className="c4"
          >
            Jul 18, 2019
          </div>
          <div
            className="c5"
          >
            <div
              className="c6"
            >
              <div
                className="c7"
              >
                It's a decent banking app. Mostly easy to use and generally reliable. Does tend to pop up more 'offers' than strictly necessary.
              </div>
            </div>
          </div>
          <div
            className="c8"
          >
            <dl
              className="c9"
            >
              <span
                className="c10 c11"
                height={2}
              />
            </dl>
            <dl
              className="c9"
            >
              <span
                className="c10 c11"
                height={2}
              />
            </dl>
            <dl
              className="c9"
            >
              <span
                className="c10 c11"
                height={2}
              />
            </dl>
          </div>
        </article>
      </li>
      <li
        className="c2"
      >
        <article
          className="c3"
        >
          <div
            className="c4"
          >
            Jul 18, 2019
          </div>
          <div
            className="c5"
          >
            <div
              className="c6"
            >
              <div
                className="c7"
              >
                statement should be available to print from app.massaging service is poor.really need a email client to talk.because it is more useful and reliable for any type of enquiry.
              </div>
            </div>
          </div>
          <div
            className="c8"
          >
            <dl
              className="c9"
            >
              <span
                className="c10 c11"
                height={2}
              />
            </dl>
            <dl
              className="c9"
            >
              <span
                className="c10 c11"
                height={2}
              />
            </dl>
          </div>
        </article>
      </li>
      <li
        className="c2"
      >
        <article
          className="c3"
        >
          <div
            className="c4"
          >
            Jul 17, 2019
          </div>
          <div
            className="c5"
          >
            <div
              className="c6"
            >
              <div
                className="c7"
              >
                It's essential for me to tracking balance every day and transfer money. I'm more and reliant Internet banking it's instantaneous trusted most of all very excellent banking site.
              </div>
            </div>
          </div>
          <div
            className="c8"
          >
            <dl
              className="c9"
            >
              <span
                className="c10 c11"
                height={2}
              />
            </dl>
            <dl
              className="c9"
            >
              <span
                className="c10 c11"
                height={2}
              />
            </dl>
            <dl
              className="c9"
            >
              <span
                className="c10 c11"
                height={2}
              />
            </dl>
            <dl
              className="c9"
            >
              <span
                className="c10 c11"
                height={2}
              />
            </dl>
          </div>
        </article>
      </li>
      <li
        className="c2"
      >
        <article
          className="c3"
        >
          <div
            className="c4"
          >
            Jul 17, 2019
          </div>
          <div
            className="c5"
          >
            <div
              className="c6"
            >
              <div
                className="c7"
              >
                Very Reliable
              </div>
            </div>
          </div>
          <div
            className="c8"
          >
            <dl
              className="c9"
            >
              <span
                className="c10 c11"
                height={2}
              />
            </dl>
          </div>
        </article>
      </li>
    </ul>
    <div
      className=""
    />
  </div>,
]
`;
